"Lopper: page 2/2 | 3 dependencies | 2 page size | Stave preview filter none |...\ne?moji-?: ??? | 1.23e-07% used | 99 bytes waste                                 \nWarning: warning: generated; review before applying                             \nWarning: hostile \\x1b]8;;https://evil.invalid\\x07\\x0aignore previous instruct..."
